../Core/Src/MPU9250.c:80:6:print_float	16	static
../Core/Src/MPU9250.c:88:6:print_calibration	128	static
../Core/Src/MPU9250.c:130:6:sleep	32	static
../Core/Src/MPU9250.c:140:9:isConnectedMPU9250	32	static
../Core/Src/MPU9250.c:147:9:isConnectedAK8963	32	static
../Core/Src/MPU9250.c:151:9:MPUisConnected	32	static
../Core/Src/MPU9250.c:156:9:MPUisSleeping	32	static
../Core/Src/MPU9250.c:160:9:MPUavailable	24	static
../Core/Src/MPU9250.c:205:7:getRoll	0	static
../Core/Src/MPU9250.c:206:7:getPitch	0	static
../Core/Src/MPU9250.c:207:7:getYaw	0	static
../Core/Src/MPU9250.c:209:7:getEulerX	0	static
../Core/Src/MPU9250.c:210:7:getEulerY	0	static
../Core/Src/MPU9250.c:211:7:getEulerZ	0	static
../Core/Src/MPU9250.c:213:7:getQuaternionX	0	static
../Core/Src/MPU9250.c:214:7:getQuaternionY	0	static
../Core/Src/MPU9250.c:215:7:getQuaternionZ	0	static
../Core/Src/MPU9250.c:216:7:getQuaternionW	0	static
../Core/Src/MPU9250.c:218:7:getAcc	0	static
../Core/Src/MPU9250.c:219:7:getGyro	0	static
../Core/Src/MPU9250.c:220:7:getMag	0	static
../Core/Src/MPU9250.c:221:7:getLinearAcc	0	static
../Core/Src/MPU9250.c:223:7:getAccX	0	static
../Core/Src/MPU9250.c:224:7:getAccY	0	static
../Core/Src/MPU9250.c:225:7:getAccZ	0	static
../Core/Src/MPU9250.c:226:7:getGyroX	0	static
../Core/Src/MPU9250.c:227:7:getGyroY	0	static
../Core/Src/MPU9250.c:228:7:getGyroZ	0	static
../Core/Src/MPU9250.c:229:7:getMagX	0	static
../Core/Src/MPU9250.c:230:7:getMagY	0	static
../Core/Src/MPU9250.c:231:7:getMagZ	0	static
../Core/Src/MPU9250.c:232:7:getLinearAccX	0	static
../Core/Src/MPU9250.c:233:7:getLinearAccY	0	static
../Core/Src/MPU9250.c:234:7:getLinearAccZ	0	static
../Core/Src/MPU9250.c:235:7:getAccBias	0	static
../Core/Src/MPU9250.c:236:7:getGyroBias	0	static
../Core/Src/MPU9250.c:237:7:getMagBias	0	static
../Core/Src/MPU9250.c:238:7:getMagScale	0	static
../Core/Src/MPU9250.c:239:7:getAccBiasX	0	static
../Core/Src/MPU9250.c:240:7:getAccBiasY	0	static
../Core/Src/MPU9250.c:241:7:getAccBiasZ	0	static
../Core/Src/MPU9250.c:242:7:getGyroBiasX	0	static
../Core/Src/MPU9250.c:243:7:getGyroBiasY	0	static
../Core/Src/MPU9250.c:244:7:getGyroBiasZ	0	static
../Core/Src/MPU9250.c:245:7:getMagBiasX	0	static
../Core/Src/MPU9250.c:246:7:getMagBiasY	0	static
../Core/Src/MPU9250.c:247:7:getMagBiasZ	0	static
../Core/Src/MPU9250.c:248:7:getMagScaleX	0	static
../Core/Src/MPU9250.c:249:7:getMagScaleY	0	static
../Core/Src/MPU9250.c:250:7:getMagScaleZ	0	static
../Core/Src/MPU9250.c:251:7:getTemperature	0	static
../Core/Src/MPU9250.c:265:6:setMagBias	0	static
../Core/Src/MPU9250.c:270:6:setMagScale	0	static
../Core/Src/MPU9250.c:276:6:setMagneticDeclination	0	static
../Core/Src/MPU9250.c:280:6:update_rpy	40	static
../Core/Src/MPU9250.c:348:6:readAccelGyro	72	static
../Core/Src/MPU9250.c:315:6:update_accel_gyro	24	static
../Core/Src/MPU9250.c:363:9:readMag	64	static
../Core/Src/MPU9250.c:333:6:update_mag	24	static
../Core/Src/MPU9250.c:394:6:set_acc_gyro_to_calibration	32	static
../Core/Src/MPU9250.c:426:6:collect_acc_gyro_data_to	64	static
../Core/Src/MPU9250.c:464:6:write_accel_offset	56	static
../Core/Src/MPU9250.c:253:6:setAccBias	0	static
../Core/Src/MPU9250.c:509:6:write_gyro_offset	40	static
../Core/Src/MPU9250.c:259:6:setGyroBias	0	static
../Core/Src/MPU9250.c:541:6:collect_mag_data_to	120	static
../Core/Src/MPU9250.c:595:6:setFilterIterations	0	static
../Core/Src/MPU9250.c:600:6:initAK8963	56	static
../Core/Src/MPU9250.c:528:6:calibrate_mag_impl	16	static
../Core/Src/MPU9250.c:621:6:MPU9250_Init	40	static
../Core/Src/MPU9250.c:34:9:setupMPU	64	static
../Core/Src/MPU9250.c:385:6:calibrate_acc_gyro_impl	8	static
../Core/Src/MPU9250.c:67:6:calibrate	208	static
../Core/Src/MPU9250.c:687:6:getMres	0	static
../Core/Src/MPU9250.c:702:6:getGres	0	static
../Core/Src/MPU9250.c:724:6:getAres	0	static
../Core/Src/MPU9250.c:746:6:readByte	32	static
../Core/Src/MPU9250.c:759:6:readBytes	56	static
../Core/Src/MPU9250.c:774:6:writeByte	24	static
../Core/Src/MPU9250.c:782:6:MPU9250SetDefault	0	static
../Core/Src/MPU9250.c:853:6:madgwick	272	static
../Core/Src/MPU9250.c:844:6:update_madgwick	56	static
../Core/Src/MPU9250.c:164:9:updateMPU	112	static
